:: initializing oneAPI environment...
   Initializing Visual Studio command-line environment...
   Visual Studio version 18.5.1 environment configured.
   "C:\Program Files\Microsoft Visual Studio\18\Community\"
   Visual Studio command-line environment initialized for: 'x64'
:  compiler -- latest
:  dev-utilities -- latest
:  dnnl -- latest
:  dpl -- latest
:  ipp -- latest
:  ippcp -- latest
:  mkl -- latest
:  mpi -- latest
:  ocloc -- latest
:  tbb -- latest
:  tcm -- latest
:  umf -- latest
:  vtune -- latest
:: oneAPI environment initialized ::
Running FP32 on GPU...
Running FP64 on CPU...
Running Falsification (Zero Mismatch)...
Simulation complete. Summary saved to D:\projects\acellorator\outputs\runs\hysteresis_admissibility_2026-05-03\jobs\baseline_L_0.2_s_0.09_seed_3/summary.json
Executing: call "C:\Program Files (x86)\Intel\oneAPI\setvars.bat" && "D:\projects\acellorator\tools\structural_box_sim_cpp\box_sim.exe" --config "D:\projects\acellorator\outputs\runs\hysteresis_admissibility_2026-05-03\jobs\baseline_L_0.2_s_0.09_seed_3\config.json" --out "D:\projects\acellorator\outputs\runs\hysteresis_admissibility_2026-05-03\jobs\baseline_L_0.2_s_0.09_seed_3"
