:: initializing oneAPI environment...
   Initializing Visual Studio command-line environment...
   Visual Studio version 18.5.1 environment configured.
   "C:\Program Files\Microsoft Visual Studio\18\Community\"
   Visual Studio command-line environment initialized for: 'x64'
:  compiler -- latest
:  dev-utilities -- latest
:  dnnl -- latest
:  dpl -- latest
:  ipp -- latest
:  ippcp -- latest
:  mkl -- latest
:  mpi -- latest
:  ocloc -- latest
:  tbb -- latest
:  tcm -- latest
:  umf -- latest
:  vtune -- latest
:: oneAPI environment initialized ::
Kuramoto SYCL Engine Initialized on: Intel(R) UHD Graphics 770
Starting Kuramoto simulation: 100000 oscillators, 2000 RK4 steps...
Simulation complete. Summary saved to D:\projects\acellorator\outputs\cpp_ecosystem_verification\jobs\kuramoto_cpp/summary.json
Executing: call "C:\Program Files (x86)\Intel\oneAPI\setvars.bat" && "D:\projects\acellorator\tools\kuramoto_sim_v1_cpp\kuramoto_sim.exe" --config "D:\projects\acellorator\tools\kuramoto_sim_v1\configs\default.json" --out "D:\projects\acellorator\outputs\cpp_ecosystem_verification\jobs\kuramoto_cpp"
