:: initializing oneAPI environment...
   Initializing Visual Studio command-line environment...
   Visual Studio version 18.5.1 environment configured.
   "C:\Program Files\Microsoft Visual Studio\18\Community\"
   Visual Studio command-line environment initialized for: 'x64'
:  compiler -- latest
:  dev-utilities -- latest
:  dnnl -- latest
:  dpl -- latest
:  ipp -- latest
:  ippcp -- latest
:  mkl -- latest
:  mpi -- latest
:  ocloc -- latest
:  tbb -- latest
:  tcm -- latest
:  umf -- latest
:  vtune -- latest
:: oneAPI environment initialized ::
Running FP32 on GPU...
Running FP64 on CPU...
Running Falsification (Zero Mismatch)...
